Archive member included to satisfy reference by file (symbol)

C:/ST/STM32CubeIDE_1.13.1/STM32CubeIDE/plugins/com.st.stm32cube.ide.mcu.externaltools.gnu-tools-for-stm32.11.3.rel1.win32_1.1.0.202305231506/tools/bin/../lib/gcc/arm-none-eabi/11.3.1/../../../../arm-none-eabi/lib/thumb/v6-m/nofp\libc_nano.a(libc_a-exit.o)
                              C:/ST/STM32CubeIDE_1.13.1/STM32CubeIDE/plugins/com.st.stm32cube.ide.mcu.externaltools.gnu-tools-for-stm32.11.3.rel1.win32_1.1.0.202305231506/tools/bin/../lib/gcc/arm-none-eabi/11.3.1/../../../../arm-none-eabi/lib/thumb/v6-m/nofp/crt0.o (exit)
C:/ST/STM32CubeIDE_1.13.1/STM32CubeIDE/plugins/com.st.stm32cube.ide.mcu.externaltools.gnu-tools-for-stm32.11.3.rel1.win32_1.1.0.202305231506/tools/bin/../lib/gcc/arm-none-eabi/11.3.1/../../../../arm-none-eabi/lib/thumb/v6-m/nofp\libc_nano.a(libc_a-findfp.o)
                              C:/ST/STM32CubeIDE_1.13.1/STM32CubeIDE/plugins/com.st.stm32cube.ide.mcu.externaltools.gnu-tools-for-stm32.11.3.rel1.win32_1.1.0.202305231506/tools/bin/../lib/gcc/arm-none-eabi/11.3.1/../../../../arm-none-eabi/lib/thumb/v6-m/nofp\libc_nano.a(libc_a-exit.o) (__stdio_exit_handler)
C:/ST/STM32CubeIDE_1.13.1/STM32CubeIDE/plugins/com.st.stm32cube.ide.mcu.externaltools.gnu-tools-for-stm32.11.3.rel1.win32_1.1.0.202305231506/tools/bin/../lib/gcc/arm-none-eabi/11.3.1/../../../../arm-none-eabi/lib/thumb/v6-m/nofp\libc_nano.a(libc_a-fwalk.o)
                              C:/ST/STM32CubeIDE_1.13.1/STM32CubeIDE/plugins/com.st.stm32cube.ide.mcu.externaltools.gnu-tools-for-stm32.11.3.rel1.win32_1.1.0.202305231506/tools/bin/../lib/gcc/arm-none-eabi/11.3.1/../../../../arm-none-eabi/lib/thumb/v6-m/nofp\libc_nano.a(libc_a-findfp.o) (_fwalk_sglue)
C:/ST/STM32CubeIDE_1.13.1/STM32CubeIDE/plugins/com.st.stm32cube.ide.mcu.externaltools.gnu-tools-for-stm32.11.3.rel1.win32_1.1.0.202305231506/tools/bin/../lib/gcc/arm-none-eabi/11.3.1/../../../../arm-none-eabi/lib/thumb/v6-m/nofp\libc_nano.a(libc_a-stdio.o)
                              C:/ST/STM32CubeIDE_1.13.1/STM32CubeIDE/plugins/com.st.stm32cube.ide.mcu.externaltools.gnu-tools-for-stm32.11.3.rel1.win32_1.1.0.202305231506/tools/bin/../lib/gcc/arm-none-eabi/11.3.1/../../../../arm-none-eabi/lib/thumb/v6-m/nofp\libc_nano.a(libc_a-findfp.o) (__sread)
C:/ST/STM32CubeIDE_1.13.1/STM32CubeIDE/plugins/com.st.stm32cube.ide.mcu.externaltools.gnu-tools-for-stm32.11.3.rel1.win32_1.1.0.202305231506/tools/bin/../lib/gcc/arm-none-eabi/11.3.1/../../../../arm-none-eabi/lib/thumb/v6-m/nofp\libc_nano.a(libc_a-memset.o)
                              C:/ST/STM32CubeIDE_1.13.1/STM32CubeIDE/plugins/com.st.stm32cube.ide.mcu.externaltools.gnu-tools-for-stm32.11.3.rel1.win32_1.1.0.202305231506/tools/bin/../lib/gcc/arm-none-eabi/11.3.1/../../../../arm-none-eabi/lib/thumb/v6-m/nofp/crt0.o (memset)
C:/ST/STM32CubeIDE_1.13.1/STM32CubeIDE/plugins/com.st.stm32cube.ide.mcu.externaltools.gnu-tools-for-stm32.11.3.rel1.win32_1.1.0.202305231506/tools/bin/../lib/gcc/arm-none-eabi/11.3.1/../../../../arm-none-eabi/lib/thumb/v6-m/nofp\libc_nano.a(libc_a-closer.o)
                              C:/ST/STM32CubeIDE_1.13.1/STM32CubeIDE/plugins/com.st.stm32cube.ide.mcu.externaltools.gnu-tools-for-stm32.11.3.rel1.win32_1.1.0.202305231506/tools/bin/../lib/gcc/arm-none-eabi/11.3.1/../../../../arm-none-eabi/lib/thumb/v6-m/nofp\libc_nano.a(libc_a-stdio.o) (_close_r)
C:/ST/STM32CubeIDE_1.13.1/STM32CubeIDE/plugins/com.st.stm32cube.ide.mcu.externaltools.gnu-tools-for-stm32.11.3.rel1.win32_1.1.0.202305231506/tools/bin/../lib/gcc/arm-none-eabi/11.3.1/../../../../arm-none-eabi/lib/thumb/v6-m/nofp\libc_nano.a(libc_a-reent.o)
                              C:/ST/STM32CubeIDE_1.13.1/STM32CubeIDE/plugins/com.st.stm32cube.ide.mcu.externaltools.gnu-tools-for-stm32.11.3.rel1.win32_1.1.0.202305231506/tools/bin/../lib/gcc/arm-none-eabi/11.3.1/../../../../arm-none-eabi/lib/thumb/v6-m/nofp\libc_nano.a(libc_a-closer.o) (errno)
C:/ST/STM32CubeIDE_1.13.1/STM32CubeIDE/plugins/com.st.stm32cube.ide.mcu.externaltools.gnu-tools-for-stm32.11.3.rel1.win32_1.1.0.202305231506/tools/bin/../lib/gcc/arm-none-eabi/11.3.1/../../../../arm-none-eabi/lib/thumb/v6-m/nofp\libc_nano.a(libc_a-impure.o)
                              C:/ST/STM32CubeIDE_1.13.1/STM32CubeIDE/plugins/com.st.stm32cube.ide.mcu.externaltools.gnu-tools-for-stm32.11.3.rel1.win32_1.1.0.202305231506/tools/bin/../lib/gcc/arm-none-eabi/11.3.1/../../../../arm-none-eabi/lib/thumb/v6-m/nofp\libc_nano.a(libc_a-reent.o) (_impure_ptr)
C:/ST/STM32CubeIDE_1.13.1/STM32CubeIDE/plugins/com.st.stm32cube.ide.mcu.externaltools.gnu-tools-for-stm32.11.3.rel1.win32_1.1.0.202305231506/tools/bin/../lib/gcc/arm-none-eabi/11.3.1/../../../../arm-none-eabi/lib/thumb/v6-m/nofp\libc_nano.a(libc_a-lseekr.o)
[...]
Memory Configuration

Name             Origin             Length             Attributes
RAM              0x0000000020000000 0x0000000000001000 xrw
FLASH            0x0000000008000000 0x0000000000004000 xr
*default*        0x0000000000000000 0xffffffffffffffff

Linker script and memory map

LOAD C:/ST/STM32CubeIDE_1.13.1/STM32CubeIDE/plugins/com.st.stm32cube.ide.mcu.externaltools.gnu-tools-for-stm32.11.3.rel1.win32_1.1.0.202305231506/tools/bin/../lib/gcc/arm-none-eabi/11.3.1/thumb/v6-m/nofp/crti.o
LOAD C:/ST/STM32CubeIDE_1.13.1/STM32CubeIDE/plugins/com.st.stm32cube.ide.mcu.externaltools.gnu-tools-for-stm32.11.3.rel1.win32_1.1.0.202305231506/tools/bin/../lib/gcc/arm-none-eabi/11.3.1/thumb/v6-m/nofp/crtbegin.o
LOAD C:/ST/STM32CubeIDE_1.13.1/STM32CubeIDE/plugins/com.st.stm32cube.ide.mcu.externaltools.gnu-tools-for-stm32.11.3.rel1.win32_1.1.0.202305231506/tools/bin/../lib/gcc/arm-none-eabi/11.3.1/../../../../arm-none-eabi/lib/thumb/v6-m/nofp/crt0.o
LOAD ./Core/Src/UART_DMA.o
LOAD ./Core/Src/dma.o
LOAD ./Core/Src/gpio.o
LOAD ./Core/Src/main.o
LOAD ./Core/Src/stm32f0xx_hal_msp.o
LOAD ./Core/Src/stm32f0xx_it.o
LOAD ./Core/Src/syscalls.o
LOAD ./Core/Src/sysmem.o
LOAD ./Core/Src/system_stm32f0xx.o
LOAD ./Core/Src/usart.o
LOAD ./Core/Startup/startup_stm32f030f4px.o
LOAD ./Drivers/STM32F0xx_HAL_Driver/stm32f0xx_hal.o
LOAD ./Drivers/STM32F0xx_HAL_Driver/stm32f0xx_hal_cortex.o
LOAD ./Drivers/STM32F0xx_HAL_Driver/stm32f0xx_hal_dma.o
LOAD ./Drivers/STM32F0xx_HAL_Driver/stm32f0xx_hal_exti.o
LOAD ./Drivers/STM32F0xx_HAL_Driver/stm32f0xx_hal_flash.o
LOAD ./Drivers/STM32F0xx_HAL_Driver/stm32f0xx_hal_flash_ex.o
LOAD ./Drivers/STM32F0xx_HAL_Driver/stm32f0xx_hal_gpio.o
LOAD ./Drivers/STM32F0xx_HAL_Driver/stm32f0xx_hal_i2c.o
LOAD ./Drivers/STM32F0xx_HAL_Driver/stm32f0xx_hal_i2c_ex.o
LOAD ./Drivers/STM32F0xx_HAL_Driver/stm32f0xx_hal_pwr.o
LOAD ./Drivers/STM32F0xx_HAL_Driver/stm32f0xx_hal_pwr_ex.o
LOAD ./Drivers/STM32F0xx_HAL_Driver/stm32f0xx_hal_rcc.o
LOAD ./Drivers/STM32F0xx_HAL_Driver/stm32f0xx_hal_rcc_ex.o
LOAD ./Drivers/STM32F0xx_HAL_Driver/stm32f0xx_hal_uart.o
LOAD ./Drivers/STM32F0xx_HAL_Driver/stm32f0xx_hal_uart_ex.o
START GROUP
LOAD C:/ST/STM32CubeIDE_1.13.1/STM32CubeIDE/plugins/com.st.stm32cube.ide.mcu.externaltools.gnu-tools-for-stm32.11.3.rel1.win32_1.1.0.202305231506/tools/bin/../lib/gcc/arm-none-eabi/11.3.1/../../../../arm-none-eabi/lib/thumb/v6-m/nofp\libc_nano.a
LOAD C:/ST/STM32CubeIDE_1.13.1/STM32CubeIDE/plugins/com.st.stm32cube.ide.mcu.externaltools.gnu-tools-for-stm32.11.3.rel1.win32_1.1.0.202305231506/tools/bin/../lib/gcc/arm-none-eabi/11.3.1/../../../../arm-none-eabi/lib/thumb/v6-m/nofp\libm.a
END GROUP
START GROUP
LOAD C:/ST/STM32CubeIDE_1.13.1/STM32CubeIDE/plugins/com.st.stm32cube.ide.mcu.externaltools.gnu-tools-for-stm32.11.3.rel1.win32_1.1.0.202305231506/tools/bin/../lib/gcc/arm-none-eabi/11.3.1/thumb/v6-m/nofp\libgcc.a
LOAD C:/ST/STM32CubeIDE_1.13.1/STM32CubeIDE/plugins/com.st.stm32cube.ide.mcu.externaltools.gnu-tools-for-stm32.11.3.rel1.win32_1.1.0.202305231506/tools/bin/../lib/gcc/arm-none-eabi/11.3.1/../../../../arm-none-eabi/lib/thumb/v6-m/nofp\libc_nano.a
END GROUP
START GROUP
LOAD C:/ST/STM32CubeIDE_1.13.1/STM32CubeIDE/plugins/com.st.stm32cube.ide.mcu.externaltools.gnu-tools-for-stm32.11.3.rel1.win32_1.1.0.202305231506/tools/bin/../lib/gcc/arm-none-eabi/11.3.1/thumb/v6-m/nofp\libgcc.a
LOAD C:/ST/STM32CubeIDE_1.13.1/STM32CubeIDE/plugins/com.st.stm32cube.ide.mcu.externaltools.gnu-tools-for-stm32.11.3.rel1.win32_1.1.0.202305231506/tools/bin/../lib/gcc/arm-none-eabi/11.3.1/../../../../arm-none-eabi/lib/thumb/v6-m/nofp\libc_nano.a
LOAD C:/ST/STM32CubeIDE_1.13.1/STM32CubeIDE/plugins/com.st.stm32cube.ide.mcu.externaltools.gnu-tools-for-stm32.11.3.rel1.win32_1.1.0.202305231506/tools/bin/../lib/gcc/arm-none-eabi/11.3.1/../../../../arm-none-eabi/lib/thumb/v6-m/nofp\libnosys.a
END GROUP
START GROUP
LOAD C:/ST/STM32CubeIDE_1.13.1/STM32CubeIDE/plugins/com.st.stm32cube.ide.mcu.externaltools.gnu-tools-for-stm32.11.3.rel1.win32_1.1.0.202305231506/tools/bin/../lib/gcc/arm-none-eabi/11.3.1/thumb/v6-m/nofp\libgcc.a
LOAD C:/ST/STM32CubeIDE_1.13.1/STM32CubeIDE/plugins/com.st.stm32cube.ide.mcu.externaltools.gnu-tools-for-stm32.11.3.rel1.win32_1.1.0.202305231506/tools/bin/../lib/gcc/arm-none-eabi/11.3.1/../../../../arm-none-eabi/lib/thumb/v6-m/nofp\libc_nano.a
LOAD C:/ST/STM32CubeIDE_1.13.1/STM32CubeIDE/plugins/com.st.stm32cube.ide.mcu.externaltools.gnu-tools-for-stm32.11.3.rel1.win32_1.1.0.202305231506/tools/bin/../lib/gcc/arm-none-eabi/11.3.1/../../../../arm-none-eabi/lib/thumb/v6-m/nofp\libnosys.a
END GROUP
LOAD C:/ST/STM32CubeIDE_1.13.1/STM32CubeIDE/plugins/com.st.stm32cube.ide.mcu.externaltools.gnu-tools-for-stm32.11.3.rel1.win32_1.1.0.202305231506/tools/bin/../lib/gcc/arm-none-eabi/11.3.1/thumb/v6-m/nofp/crtend.o
LOAD C:/ST/STM32CubeIDE_1.13.1/STM32CubeIDE/plugins/com.st.stm32cube.ide.mcu.externaltools.gnu-tools-for-stm32.11.3.rel1.win32_1.1.0.202305231506/tools/bin/../lib/gcc/arm-none-eabi/11.3.1/thumb/v6-m/nofp/crtn.o
                0x0000000020001000                _estack = (ORIGIN (RAM) + LENGTH (RAM))
                0x0000000000000200                _Min_Heap_Size = 0x200
                0x0000000000000400                _Min_Stack_Size = 0x400

.isr_vector     0x0000000008000000       0xc0
                0x0000000008000000                . = ALIGN (0x4)
 *(.isr_vector)
 .isr_vector    0x0000000008000000       0xc0 ./Core/Startup/startup_stm32f030f4px.o
                0x0000000008000000                g_pfnVectors
                0x00000000080000c0                . = ALIGN (0x4)

.text           0x00000000080000c0     0x25e0
                0x00000000080000c0                . = ALIGN (0x4)
 *(.text)
 .text          0x00000000080000c0       0x48 C:/ST/STM32CubeIDE_1.13.1/STM32CubeIDE/plugins/com.st.stm32cube.ide.mcu.externaltools.gnu-tools-for-stm32.11.3.rel1.win32_1.1.0.202305231506/tools/bin/../lib/gcc/arm-none-eabi/11.3.1/thumb/v6-m/nofp/crtbegin.o
 .text          0x0000000008000108      0x114 C:/ST/STM32CubeIDE_1.13.1/STM32CubeIDE/plugins/com.st.stm32cube.ide.mcu.externaltools.gnu-tools-for-stm32.11.3.rel1.win32_1.1.0.202305231506/tools/bin/../lib/gcc/arm-none-eabi/11.3.1/thumb/v6-m/nofp\libgcc.a(_udivsi3.o)
                0x0000000008000108                __aeabi_uidiv
                0x0000000008000108                __udivsi3
                0x0000000008000214                __aeabi_uidivmod
 .text          0x000000000800021c        0x4 C:/ST/STM32CubeIDE_1.13.1/STM32CubeIDE/plugins/com.st.stm32cube.ide.mcu.externaltools.gnu-tools-for-stm32.11.3.rel1.win32_1.1.0.202305231506/tools/bin/../lib/gcc/arm-none-eabi/11.3.1/thumb/v6-m/nofp\libgcc.a(_dvmd_tls.o)
                0x000000000800021c                __aeabi_idiv0
                0x000000000800021c                __aeabi_ldiv0
 *(.text*)
 .text.UARTDMA_UartIrqHandler
                0x0000000008000220       0x50 ./Core/Src/UART_DMA.o
                0x0000000008000220                UARTDMA_UartIrqHandler
 .text.UARTDMA_DmaIrqHandler
                0x0000000008000270      0x150 ./Core/Src/UART_DMA.o
                0x0000000008000270                UARTDMA_DmaIrqHandler
 .text.UARTDMA_Init
                0x00000000080003c0       0x6c ./Core/Src/UART_DMA.o
                0x00000000080003c0                UARTDMA_Init
 .text.MX_DMA_Init
                0x000000000800042c       0x3c ./Core/Src/dma.o
                0x000000000800042c                MX_DMA_Init
 .text.MX_GPIO_Init
                0x0000000008000468       0x70 ./Core/Src/gpio.o
                0x0000000008000468                MX_GPIO_Init
 .text.main     0x00000000080004d8       0x54 ./Core/Src/main.o
                0x00000000080004d8                main
 .text.SystemClock_Config
                0x000000000800052c       0xae ./Core/Src/main.o
                0x000000000800052c                SystemClock_Config
 .text.Error_Handler
                0x00000000080005da        0xa ./Core/Src/main.o
                0x00000000080005da                Error_Handler
 .text.HAL_MspInit
                0x00000000080005e4       0x48 ./Core/Src/stm32f0xx_hal_msp.o
                0x00000000080005e4                HAL_MspInit
 .text.NMI_Handler
                0x000000000800062c        0x6 ./Core/Src/stm32f0xx_it.o
                0x000000000800062c                NMI_Handler
 .text.HardFault_Handler
                0x0000000008000632        0x6 ./Core/Src/stm32f0xx_it.o
                0x0000000008000632                HardFault_Handler
 .text.SVC_Handler
                0x0000000008000638        0xa ./Core/Src/stm32f0xx_it.o
                0x0000000008000638                SVC_Handler
 .text.PendSV_Handler
                0x0000000008000642        0xa ./Core/Src/stm32f0xx_it.o
                0x0000000008000642                PendSV_Handler
 .text.SysTick_Handler
                0x000000000800064c        0xe ./Core/Src/stm32f0xx_it.o
                0x000000000800064c                SysTick_Handler
 *fill*         0x000000000800065a        0x2 
 .text.DMA1_Channel4_5_IRQHandler
                0x000000000800065c       0x18 ./Core/Src/stm32f0xx_it.o
                0x000000000800065c                DMA1_Channel4_5_IRQHandler
 .text.USART1_IRQHandler
                0x0000000008000674       0x18 ./Core/Src/stm32f0xx_it.o
                0x0000000008000674                USART1_IRQHandler
 .text.SystemInit
                0x000000000800068c        0xa ./Core/Src/system_stm32f0xx.o
                0x000000000800068c                SystemInit
 *fill*         0x0000000008000696        0x2 
 .text.MX_USART1_UART_Init
                0x0000000008000698       0x60 ./Core/Src/usart.o
                0x0000000008000698                MX_USART1_UART_Init
 .text.HAL_UART_MspInit
                0x00000000080006f8      0x110 ./Core/Src/usart.o
                0x00000000080006f8                HAL_UART_MspInit
 .text.Reset_Handler
                0x0000000008000808       0x50 ./Core/Startup/startup_stm32f030f4px.o
                0x0000000008000808                Reset_Handler
 .text.Default_Handler
                0x0000000008000858        0x2 ./Core/Startup/startup_stm32f030f4px.o
                0x0000000008000858                TIM1_CC_IRQHandler
                0x0000000008000858                I2C1_IRQHandler
                0x0000000008000858                SPI1_IRQHandler
                0x0000000008000858                EXTI2_3_IRQHandler
                0x0000000008000858                ADC1_IRQHandler
                0x0000000008000858                TIM17_IRQHandler
                0x0000000008000858                RTC_IRQHandler
                0x0000000008000858                TIM16_IRQHandler
                0x0000000008000858                TIM3_IRQHandler
                0x0000000008000858                EXTI4_15_IRQHandler
                0x0000000008000858                RCC_IRQHandler
                0x0000000008000858                DMA1_Channel1_IRQHandler
                0x0000000008000858                Default_Handler
                0x0000000008000858                TIM14_IRQHandler
                0x0000000008000858                EXTI0_1_IRQHandler
                0x0000000008000858                WWDG_IRQHandler
                0x0000000008000858                DMA1_Channel2_3_IRQHandler
                0x0000000008000858                FLASH_IRQHandler
                0x0000000008000858                TIM1_BRK_UP_TRG_COM_IRQHandler
 *fill*         0x000000000800085a        0x2 
 .text.HAL_Init
                0x000000000800085c       0x28 ./Drivers/STM32F0xx_HAL_Driver/stm32f0xx_hal.o
                0x000000000800085c                HAL_Init
 .text.HAL_InitTick
                0x0000000008000884       0x68 ./Drivers/STM32F0xx_HAL_Driver/stm32f0xx_hal.o
                0x0000000008000884                HAL_InitTick
 .text.HAL_IncTick
                0x00000000080008ec       0x24 ./Drivers/STM32F0xx_HAL_Driver/stm32f0xx_hal.o
                0x00000000080008ec                HAL_IncTick
 .text.HAL_GetTick
                0x0000000008000910       0x14 ./Drivers/STM32F0xx_HAL_Driver/stm32f0xx_hal.o
                0x0000000008000910                HAL_GetTick
 .text.__NVIC_EnableIRQ
                0x0000000008000924       0x34 ./Drivers/STM32F0xx_HAL_Driver/stm32f0xx_hal_cortex.o
 .text.__NVIC_SetPriority
                0x0000000008000958       0xdc ./Drivers/STM32F0xx_HAL_Driver/stm32f0xx_hal_cortex.o
 .text.SysTick_Config
                0x0000000008000a34       0x48 ./Drivers/STM32F0xx_HAL_Driver/stm32f0xx_hal_cortex.o
 .text.HAL_NVIC_SetPriority
                0x0000000008000a7c       0x2a ./Drivers/STM32F0xx_HAL_Driver/stm32f0xx_hal_cortex.o
                0x0000000008000a7c                HAL_NVIC_SetPriority
 .text.HAL_NVIC_EnableIRQ
                0x0000000008000aa6       0x20 ./Drivers/STM32F0xx_HAL_Driver/stm32f0xx_hal_cortex.o
                0x0000000008000aa6                HAL_NVIC_EnableIRQ
 .text.HAL_SYSTICK_Config
                0x0000000008000ac6       0x1a ./Drivers/STM32F0xx_HAL_Driver/stm32f0xx_hal_cortex.o
                0x0000000008000ac6                HAL_SYSTICK_Config
 .text.HAL_DMA_Init
                0x0000000008000ae0       0x90 ./Drivers/STM32F0xx_HAL_Driver/stm32f0xx_hal_dma.o
                0x0000000008000ae0                HAL_DMA_Init
 .text.HAL_DMA_Start_IT
                0x0000000008000b70       0xcc ./Drivers/STM32F0xx_HAL_Driver/stm32f0xx_hal_dma.o
                0x0000000008000b70                HAL_DMA_Start_IT
 .text.DMA_SetConfig
                0x0000000008000c3c       0x58 ./Drivers/STM32F0xx_HAL_Driver/stm32f0xx_hal_dma.o
 .text.DMA_CalcBaseAndBitshift
                0x0000000008000c94       0x38 ./Drivers/STM32F0xx_HAL_Driver/stm32f0xx_hal_dma.o
 .text.HAL_GPIO_Init
                0x0000000008000ccc      0x2e0 ./Drivers/STM32F0xx_HAL_Driver/stm32f0xx_hal_gpio.o
                0x0000000008000ccc                HAL_GPIO_Init
 .text.HAL_GPIO_WritePin
                0x0000000008000fac       0x3a ./Drivers/STM32F0xx_HAL_Driver/stm32f0xx_hal_gpio.o
                0x0000000008000fac                HAL_GPIO_WritePin
 .text.HAL_GPIO_TogglePin
                0x0000000008000fe6       0x36 ./Drivers/STM32F0xx_HAL_Driver/stm32f0xx_hal_gpio.o
                0x0000000008000fe6                HAL_GPIO_TogglePin
 .text.HAL_RCC_OscConfig
                0x000000000800101c      0x634 ./Drivers/STM32F0xx_HAL_Driver/stm32f0xx_hal_rcc.o
                0x000000000800101c                HAL_RCC_OscConfig
 .text.HAL_RCC_ClockConfig
                0x0000000008001650      0x19c ./Drivers/STM32F0xx_HAL_Driver/stm32f0xx_hal_rcc.o
                0x0000000008001650                HAL_RCC_ClockConfig
 .text.HAL_RCC_GetSysClockFreq
                0x00000000080017ec       0xac ./Drivers/STM32F0xx_HAL_Driver/stm32f0xx_hal_rcc.o
                0x00000000080017ec                HAL_RCC_GetSysClockFreq
 .text.HAL_RCC_GetHCLKFreq
                0x0000000008001898       0x14 ./Drivers/STM32F0xx_HAL_Driver/stm32f0xx_hal_rcc.o
                0x0000000008001898                HAL_RCC_GetHCLKFreq
 .text.HAL_RCC_GetPCLK1Freq
                0x00000000080018ac       0x2c ./Drivers/STM32F0xx_HAL_Driver/stm32f0xx_hal_rcc.o
                0x00000000080018ac                HAL_RCC_GetPCLK1Freq
 .text.HAL_RCCEx_PeriphCLKConfig
                0x00000000080018d8      0x19c ./Drivers/STM32F0xx_HAL_Driver/stm32f0xx_hal_rcc_ex.o
                0x00000000080018d8                HAL_RCCEx_PeriphCLKConfig
 .text.HAL_UART_Init
                0x0000000008001a74       0xa8 ./Drivers/STM32F0xx_HAL_Driver/stm32f0xx_hal_uart.o
                0x0000000008001a74                HAL_UART_Init
 .text.HAL_UART_Receive_DMA
                0x0000000008001b1c       0xae ./Drivers/STM32F0xx_HAL_Driver/stm32f0xx_hal_uart.o
                0x0000000008001b1c                HAL_UART_Receive_DMA
 .text.HAL_UART_RxCpltCallback
                0x0000000008001bca       0x10 ./Drivers/STM32F0xx_HAL_Driver/stm32f0xx_hal_uart.o
                0x0000000008001bca                HAL_UART_RxCpltCallback
 .text.HAL_UART_RxHalfCpltCallback
                0x0000000008001bda       0x10 ./Drivers/STM32F0xx_HAL_Driver/stm32f0xx_hal_uart.o
                0x0000000008001bda                HAL_UART_RxHalfCpltCallback
 .text.HAL_UART_ErrorCallback
                0x0000000008001bea       0x10 ./Drivers/STM32F0xx_HAL_Driver/stm32f0xx_hal_uart.o
                0x0000000008001bea                HAL_UART_ErrorCallback
 .text.HAL_UARTEx_RxEventCallback
                0x0000000008001bfa       0x16 ./Drivers/STM32F0xx_HAL_Driver/stm32f0xx_hal_uart.o
                0x0000000008001bfa                HAL_UARTEx_RxEventCallback
 .text.UART_SetConfig
                0x0000000008001c10      0x250 ./Drivers/STM32F0xx_HAL_Driver/stm32f0xx_hal_uart.o
                0x0000000008001c10                UART_SetConfig
 .text.UART_AdvFeatureConfig
                0x0000000008001e60      0x168 ./Drivers/STM32F0xx_HAL_Driver/stm32f0xx_hal_uart.o
                0x0000000008001e60                UART_AdvFeatureConfig
 .text.UART_CheckIdleState
                0x0000000008001fc8      0x150 ./Drivers/STM32F0xx_HAL_Driver/stm32f0xx_hal_uart.o
                0x0000000008001fc8                UART_CheckIdleState
 .text.UART_WaitOnFlagUntilTimeout
                0x0000000008002118       0xd2 ./Drivers/STM32F0xx_HAL_Driver/stm32f0xx_hal_uart.o
                0x0000000008002118                UART_WaitOnFlagUntilTimeout
 *fill*         0x00000000080021ea        0x2 
 .text.UART_Start_Receive_DMA
                0x00000000080021ec      0x140 ./Drivers/STM32F0xx_HAL_Driver/stm32f0xx_hal_uart.o
                0x00000000080021ec                UART_Start_Receive_DMA
 .text.UART_EndTxTransfer
                0x000000000800232c       0x48 ./Drivers/STM32F0xx_HAL_Driver/stm32f0xx_hal_uart.o
 .text.UART_EndRxTransfer
                0x0000000008002374       0xc8 ./Drivers/STM32F0xx_HAL_Driver/stm32f0xx_hal_uart.o
 .text.UART_DMAReceiveCplt
                0x000000000800243c      0x12c ./Drivers/STM32F0xx_HAL_Driver/stm32f0xx_hal_uart.o
 .text.UART_DMARxHalfCplt
                0x0000000008002568       0x42 ./Drivers/STM32F0xx_HAL_Driver/stm32f0xx_hal_uart.o
 .text.UART_DMAError
                0x00000000080025aa       0x84 ./Drivers/STM32F0xx_HAL_Driver/stm32f0xx_hal_uart.o
 .text.memset   0x000000000800262e       0x10 C:/ST/STM32CubeIDE_1.13.1/STM32CubeIDE/plugins/com.st.stm32cube.ide.mcu.externaltools.gnu-tools-for-stm32.11.3.rel1.win32_1.1.0.202305231506/tools/bin/../lib/gcc/arm-none-eabi/11.3.1/../../../../arm-none-eabi/lib/thumb/v6-m/nofp\libc_nano.a(libc_a-memset.o)
                0x000000000800262e                memset
 *fill*         0x000000000800263e        0x2 
 .text.__libc_init_array
                0x0000000008002640       0x48 C:/ST/STM32CubeIDE_1.13.1/STM32CubeIDE/plugins/com.st.stm32cube.ide.mcu.externaltools.gnu-tools-for-stm32.11.3.rel1.win32_1.1.0.202305231506/tools/bin/../lib/gcc/arm-none-eabi/11.3.1/../../../../arm-none-eabi/lib/thumb/v6-m/nofp\libc_nano.a(libc_a-init.o)
                0x0000000008002640                __libc_init_array
 *(.glue_7)
 .glue_7        0x0000000008002688        0x0 linker stubs
 *(.glue_7t)
 .glue_7t       0x0000000008002688        0x0 linker stubs
 *(.eh_frame)
 .eh_frame      0x0000000008002688        0x0 C:/ST/STM32CubeIDE_1.13.1/STM32CubeIDE/plugins/com.st.stm32cube.ide.mcu.externaltools.gnu-tools-for-stm32.11.3.rel1.win32_1.1.0.202305231506/tools/bin/../lib/gcc/arm-none-eabi/11.3.1/thumb/v6-m/nofp/crtbegin.o
 *(.init)
 .init          0x0000000008002688        0x4 C:/ST/STM32CubeIDE_1.13.1/STM32CubeIDE/plugins/com.st.stm32cube.ide.mcu.externaltools.gnu-tools-for-stm32.11.3.rel1.win32_1.1.0.202305231506/tools/bin/../lib/gcc/arm-none-eabi/11.3.1/thumb/v6-m/nofp/crti.o
                0x0000000008002688                _init
 .init          0x000000000800268c        0x8 C:/ST/STM32CubeIDE_1.13.1/STM32CubeIDE/plugins/com.st.stm32cube.ide.mcu.externaltools.gnu-tools-for-stm32.11.3.rel1.win32_1.1.0.202305231506/tools/bin/../lib/gcc/arm-none-eabi/11.3.1/thumb/v6-m/nofp/crtn.o
 *(.fini)
 .fini          0x0000000008002694        0x4 C:/ST/STM32CubeIDE_1.13.1/STM32CubeIDE/plugins/com.st.stm32cube.ide.mcu.externaltools.gnu-tools-for-stm32.11.3.rel1.win32_1.1.0.202305231506/tools/bin/../lib/gcc/arm-none-eabi/11.3.1/thumb/v6-m/nofp/crti.o
                0x0000000008002694                _fini
 .fini          0x0000000008002698        0x8 C:/ST/STM32CubeIDE_1.13.1/STM32CubeIDE/plugins/com.st.stm32cube.ide.mcu.externaltools.gnu-tools-for-stm32.11.3.rel1.win32_1.1.0.202305231506/tools/bin/../lib/gcc/arm-none-eabi/11.3.1/thumb/v6-m/nofp/crtn.o
                0x00000000080026a0                . = ALIGN (0x4)
                0x00000000080026a0                _etext = .

.vfp11_veneer   0x00000000080026a0        0x0
 .vfp11_veneer  0x00000000080026a0        0x0 linker stubs

.v4_bx          0x00000000080026a0        0x0
 .v4_bx         0x00000000080026a0        0x0 linker stubs

.iplt           0x00000000080026a0        0x0
 .iplt          0x00000000080026a0        0x0 C:/ST/STM32CubeIDE_1.13.1/STM32CubeIDE/plugins/com.st.stm32cube.ide.mcu.externaltools.gnu-tools-for-stm32.11.3.rel1.win32_1.1.0.202305231506/tools/bin/../lib/gcc/arm-none-eabi/11.3.1/thumb/v6-m/nofp/crtbegin.o

.rodata         0x00000000080026a0       0x38
                0x00000000080026a0                . = ALIGN (0x4)
 *(.rodata)
 *(.rodata*)
 .rodata.AHBPrescTable
                0x00000000080026a0       0x10 ./Core/Src/system_stm32f0xx.o
                0x00000000080026a0                AHBPrescTable
 .rodata.APBPrescTable
                0x00000000080026b0        0x8 ./Core/Src/system_stm32f0xx.o
                0x00000000080026b0                APBPrescTable
 .rodata.aPLLMULFactorTable.1
                0x00000000080026b8       0x10 ./Drivers/STM32F0xx_HAL_Driver/stm32f0xx_hal_rcc.o
 .rodata.aPredivFactorTable.0
                0x00000000080026c8       0x10 ./Drivers/STM32F0xx_HAL_Driver/stm32f0xx_hal_rcc.o
                0x00000000080026d8                . = ALIGN (0x4)

.rel.dyn        0x00000000080026d8        0x0
 .rel.iplt      0x00000000080026d8        0x0 C:/ST/STM32CubeIDE_1.13.1/STM32CubeIDE/plugins/com.st.stm32cube.ide.mcu.externaltools.gnu-tools-for-stm32.11.3.rel1.win32_1.1.0.202305231506/tools/bin/../lib/gcc/arm-none-eabi/11.3.1/thumb/v6-m/nofp/crtbegin.o

.ARM.extab      0x00000000080026d8        0x0
                0x00000000080026d8                . = ALIGN (0x4)
 *(.ARM.extab* .gnu.linkonce.armextab.*)
                0x00000000080026d8                . = ALIGN (0x4)

.ARM            0x00000000080026d8        0x0
                0x00000000080026d8                . = ALIGN (0x4)
                0x00000000080026d8                __exidx_start = .
 *(.ARM.exidx*)
                0x00000000080026d8                __exidx_end = .
                0x00000000080026d8                . = ALIGN (0x4)

.preinit_array  0x00000000080026d8        0x0
                0x00000000080026d8                . = ALIGN (0x4)
                0x00000000080026d8                PROVIDE (__preinit_array_start = .)
 *(.preinit_array*)
                0x00000000080026d8                PROVIDE (__preinit_array_end = .)
                0x00000000080026d8                . = ALIGN (0x4)

.init_array     0x00000000080026d8        0x4
                0x00000000080026d8                . = ALIGN (0x4)
                0x00000000080026d8                PROVIDE (__init_array_start = .)
 *(SORT_BY_NAME(.init_array.*))
 *(.init_array*)
 .init_array    0x00000000080026d8        0x4 C:/ST/STM32CubeIDE_1.13.1/STM32CubeIDE/plugins/com.st.stm32cube.ide.mcu.externaltools.gnu-tools-for-stm32.11.3.rel1.win32_1.1.0.202305231506/tools/bin/../lib/gcc/arm-none-eabi/11.3.1/thumb/v6-m/nofp/crtbegin.o
                0x00000000080026dc                PROVIDE (__init_array_end = .)
                0x00000000080026dc                . = ALIGN (0x4)

.fini_array     0x00000000080026dc        0x4
                0x00000000080026dc                . = ALIGN (0x4)
                [!provide]                        PROVIDE (__fini_array_start = .)
 *(SORT_BY_NAME(.fini_array.*))
 *(.fini_array*)
 .fini_array    0x00000000080026dc        0x4 C:/ST/STM32CubeIDE_1.13.1/STM32CubeIDE/plugins/com.st.stm32cube.ide.mcu.externaltools.gnu-tools-for-stm32.11.3.rel1.win32_1.1.0.202305231506/tools/bin/../lib/gcc/arm-none-eabi/11.3.1/thumb/v6-m/nofp/crtbegin.o
                [!provide]                        PROVIDE (__fini_array_end = .)
                0x00000000080026e0                . = ALIGN (0x4)
                0x00000000080026e0                _sidata = LOADADDR (.data)

.data           0x0000000020000000        0xc load address 0x00000000080026e0
                0x0000000020000000                . = ALIGN (0x4)
                0x0000000020000000                _sdata = .
 *(.data)
 *(.data*)
 .data.SystemCoreClock
                0x0000000020000000        0x4 ./Core/Src/system_stm32f0xx.o
                0x0000000020000000                SystemCoreClock
 .data.uwTickPrio
                0x0000000020000004        0x4 ./Drivers/STM32F0xx_HAL_Driver/stm32f0xx_hal.o
                0x0000000020000004                uwTickPrio
 .data.uwTickFreq
                0x0000000020000008        0x1 ./Drivers/STM32F0xx_HAL_Driver/stm32f0xx_hal.o
                0x0000000020000008                uwTickFreq
 *(.RamFunc)
 *(.RamFunc*)
                0x000000002000000c                . = ALIGN (0x4)
 *fill*         0x0000000020000009        0x3 
                0x000000002000000c                _edata = .

.igot.plt       0x000000002000000c        0x0 load address 0x00000000080026ec
 .igot.plt      0x000000002000000c        0x0 C:/ST/STM32CubeIDE_1.13.1/STM32CubeIDE/plugins/com.st.stm32cube.ide.mcu.externaltools.gnu-tools-for-stm32.11.3.rel1.win32_1.1.0.202305231506/tools/bin/../lib/gcc/arm-none-eabi/11.3.1/thumb/v6-m/nofp/crtbegin.o
                0x000000002000000c                . = ALIGN (0x4)

.bss            0x000000002000000c      0x238 load address 0x00000000080026ec
                0x000000002000000c                _sbss = .
                0x000000002000000c                __bss_start__ = _sbss
 *(.bss)
 .bss           0x000000002000000c       0x1c C:/ST/STM32CubeIDE_1.13.1/STM32CubeIDE/plugins/com.st.stm32cube.ide.mcu.externaltools.gnu-tools-for-stm32.11.3.rel1.win32_1.1.0.202305231506/tools/bin/../lib/gcc/arm-none-eabi/11.3.1/thumb/v6-m/nofp/crtbegin.o
 *(.bss*)
 .bss.huartdma  0x0000000020000028      0x14c ./Core/Src/main.o
                0x0000000020000028                huartdma
 .bss.huart1    0x0000000020000174       0x88 ./Core/Src/usart.o
                0x0000000020000174                huart1
 .bss.hdma_usart1_rx
                0x00000000200001fc       0x44 ./Core/Src/usart.o
                0x00000000200001fc                hdma_usart1_rx
 .bss.uwTick    0x0000000020000240        0x4 ./Drivers/STM32F0xx_HAL_Driver/stm32f0xx_hal.o
                0x0000000020000240                uwTick
 *(COMMON)
                0x0000000020000244                . = ALIGN (0x4)
                0x0000000020000244                _ebss = .
                0x0000000020000244                __bss_end__ = _ebss

._user_heap_stack
                0x0000000020000244      0x604 load address 0x00000000080026ec
                0x0000000020000248                . = ALIGN (0x8)
 *fill*         0x0000000020000244        0x4 
                [!provide]                        PROVIDE (end = .)
                0x0000000020000248                PROVIDE (_end = .)
                0x0000000020000448                . = (. + _Min_Heap_Size)
 *fill*         0x0000000020000248      0x200 
                0x0000000020000848                . = (. + _Min_Stack_Size)
 *fill*         0x0000000020000448      0x400 
                0x0000000020000848                . = ALIGN (0x8)

/DISCARD/
 libc.a(*)
 libm.a(*)
 libgcc.a(*)

.ARM.attributes
                0x0000000000000000       0x28
 *(.ARM.attributes)
 .ARM.attributes
                0x0000000000000000       0x1e C:/ST/STM32CubeIDE_1.13.1/STM32CubeIDE/plugins/com.st.stm32cube.ide.mcu.externaltools.gnu-tools-for-stm32.11.3.rel1.win32_1.1.0.202305231506/tools/bin/../lib/gcc/arm-none-eabi/11.3.1/thumb/v6-m/nofp/crti.o
 .ARM.attributes
                0x000000000000001e       0x2c C:/ST/STM32CubeIDE_1.13.1/STM32CubeIDE/plugins/com.st.stm32cube.ide.mcu.externaltools.gnu-tools-for-stm32.11.3.rel1.win32_1.1.0.202305231506/tools/bin/../lib/gcc/arm-none-eabi/11.3.1/thumb/v6-m/nofp/crtbegin.o
 .ARM.attributes
                0x000000000000004a       0x2c ./Core/Src/UART_DMA.o
 .ARM.attributes
                0x0000000000000076       0x2c ./Core/Src/dma.o
 .ARM.attributes
                0x00000000000000a2       0x2c ./Core/Src/gpio.o
 .ARM.attributes
                0x00000000000000ce       0x2c ./Core/Src/main.o
 .ARM.attributes
                0x00000000000000fa       0x2c ./Core/Src/stm32f0xx_hal_msp.o
 .ARM.attributes
                0x0000000000000126       0x2c ./Core/Src/stm32f0xx_it.o
 .ARM.attributes
                0x0000000000000152       0x2c ./Core/Src/system_stm32f0xx.o
 .ARM.attributes
                0x000000000000017e       0x2c ./Core/Src/usart.o
 .ARM.attributes
                0x00000000000001aa       0x21 ./Core/Startup/startup_stm32f030f4px.o
 .ARM.attributes
                0x00000000000001cb       0x2c ./Drivers/STM32F0xx_HAL_Driver/stm32f0xx_hal.o
 .ARM.attributes
                0x00000000000001f7       0x2c ./Drivers/STM32F0xx_HAL_Driver/stm32f0xx_hal_cortex.o
 .ARM.attributes
                0x0000000000000223       0x2c ./Drivers/STM32F0xx_HAL_Driver/stm32f0xx_hal_dma.o
 .ARM.attributes
                0x000000000000024f       0x2c ./Drivers/STM32F0xx_HAL_Driver/stm32f0xx_hal_gpio.o
 .ARM.attributes
                0x000000000000027b       0x2c ./Drivers/STM32F0xx_HAL_Driver/stm32f0xx_hal_rcc.o
 .ARM.attributes
                0x00000000000002a7       0x2c ./Drivers/STM32F0xx_HAL_Driver/stm32f0xx_hal_rcc_ex.o
 .ARM.attributes
                0x00000000000002d3       0x2c ./Drivers/STM32F0xx_HAL_Driver/stm32f0xx_hal_uart.o
 .ARM.attributes
                0x00000000000002ff       0x2c C:/ST/STM32CubeIDE_1.13.1/STM32CubeIDE/plugins/com.st.stm32cube.ide.mcu.externaltools.gnu-tools-for-stm32.11.3.rel1.win32_1.1.0.202305231506/tools/bin/../lib/gcc/arm-none-eabi/11.3.1/../../../../arm-none-eabi/lib/thumb/v6-m/nofp\libc_nano.a(libc_a-memset.o)
 .ARM.attributes
                0x000000000000032b       0x2c C:/ST/STM32CubeIDE_1.13.1/STM32CubeIDE/plugins/com.st.stm32cube.ide.mcu.externaltools.gnu-tools-for-stm32.11.3.rel1.win32_1.1.0.202305231506/tools/bin/../lib/gcc/arm-none-eabi/11.3.1/../../../../arm-none-eabi/lib/thumb/v6-m/nofp\libc_nano.a(libc_a-init.o)
 .ARM.attributes
                0x0000000000000357       0x1e C:/ST/STM32CubeIDE_1.13.1/STM32CubeIDE/plugins/com.st.stm32cube.ide.mcu.externaltools.gnu-tools-for-stm32.11.3.rel1.win32_1.1.0.202305231506/tools/bin/../lib/gcc/arm-none-eabi/11.3.1/thumb/v6-m/nofp\libgcc.a(_udivsi3.o)
 .ARM.attributes
                0x0000000000000375       0x1e C:/ST/STM32CubeIDE_1.13.1/STM32CubeIDE/plugins/com.st.stm32cube.ide.mcu.externaltools.gnu-tools-for-stm32.11.3.rel1.win32_1.1.0.202305231506/tools/bin/../lib/gcc/arm-none-eabi/11.3.1/thumb/v6-m/nofp\libgcc.a(_dvmd_tls.o)
 .ARM.attributes
                0x0000000000000393       0x1e C:/ST/STM32CubeIDE_1.13.1/STM32CubeIDE/plugins/com.st.stm32cube.ide.mcu.externaltools.gnu-tools-for-stm32.11.3.rel1.win32_1.1.0.202305231506/tools/bin/../lib/gcc/arm-none-eabi/11.3.1/thumb/v6-m/nofp/crtn.o
OUTPUT(STM32F030F4P6_RS232.elf elf32-littlearm)
LOAD linker stubs
LOAD C:/ST/STM32CubeIDE_1.13.1/STM32CubeIDE/plugins/com.st.stm32cube.ide.mcu.externaltools.gnu-tools-for-stm32.11.3.rel1.win32_1.1.0.202305231506/tools/bin/../lib/gcc/arm-none-eabi/11.3.1/../../../../arm-none-eabi/lib/thumb/v6-m/nofp\libc.a
LOAD C:/ST/STM32CubeIDE_1.13.1/STM32CubeIDE/plugins/com.st.stm32cube.ide.mcu.externaltools.gnu-tools-for-stm32.11.3.rel1.win32_1.1.0.202305231506/tools/bin/../lib/gcc/arm-none-eabi/11.3.1/../../../../arm-none-eabi/lib/thumb/v6-m/nofp\libm.a
LOAD C:/ST/STM32CubeIDE_1.13.1/STM32CubeIDE/plugins/com.st.stm32cube.ide.mcu.externaltools.gnu-tools-for-stm32.11.3.rel1.win32_1.1.0.202305231506/tools/bin/../lib/gcc/arm-none-eabi/11.3.1/thumb/v6-m/nofp\libgcc.a

.comment        0x0000000000000000       0x43
 .comment       0x0000000000000000       0x43 C:/ST/STM32CubeIDE_1.13.1/STM32CubeIDE/plugins/com.st.stm32cube.ide.mcu.externaltools.gnu-tools-for-stm32.11.3.rel1.win32_1.1.0.202305231506/tools/bin/../lib/gcc/arm-none-eabi/11.3.1/thumb/v6-m/nofp/crtbegin.o
                                         0x44 (size before relaxing)
 .comment       0x0000000000000043       0x44 ./Core/Src/UART_DMA.o
 .comment       0x0000000000000043       0x44 ./Core/Src/dma.o
 .comment       0x0000000000000043       0x44 ./Core/Src/gpio.o
 .comment       0x0000000000000043       0x44 ./Core/Src/main.o
 .comment       0x0000000000000043       0x44 ./Core/Src/stm32f0xx_hal_msp.o
 .comment       0x0000000000000043       0x44 ./Core/Src/stm32f0xx_it.o
 .comment       0x0000000000000043       0x44 ./Core/Src/system_stm32f0xx.o
 .comment       0x0000000000000043       0x44 ./Core/Src/usart.o
 .comment       0x0000000000000043       0x44 ./Drivers/STM32F0xx_HAL_Driver/stm32f0xx_hal.o
 .comment       0x0000000000000043       0x44 ./Drivers/STM32F0xx_HAL_Driver/stm32f0xx_hal_cortex.o
 .comment       0x0000000000000043       0x44 ./Drivers/STM32F0xx_HAL_Driver/stm32f0xx_hal_dma.o
 .comment       0x0000000000000043       0x44 ./Drivers/STM32F0xx_HAL_Driver/stm32f0xx_hal_gpio.o
 .comment       0x0000000000000043       0x44 ./Drivers/STM32F0xx_HAL_Driver/stm32f0xx_hal_rcc.o
 .comment       0x0000000000000043       0x44 ./Drivers/STM32F0xx_HAL_Driver/stm32f0xx_hal_rcc_ex.o
 .comment       0x0000000000000043       0x44 ./Drivers/STM32F0xx_HAL_Driver/stm32f0xx_hal_uart.o

.debug_info     0x0000000000000000     0x8e37
 .debug_info    0x0000000000000000      0x8f2 ./Core/Src/UART_DMA.o
 .debug_info    0x00000000000008f2      0x25b ./Core/Src/dma.o
 .debug_info    0x0000000000000b4d      0x309 ./Core/Src/gpio.o
 .debug_info    0x0000000000000e56      0xa77 ./Core/Src/main.o
 .debug_info    0x00000000000018cd      0x199 ./Core/Src/stm32f0xx_hal_msp.o
 .debug_info    0x0000000000001a66      0x755 ./Core/Src/stm32f0xx_it.o
 .debug_info    0x00000000000021bb      0x242 ./Core/Src/system_stm32f0xx.o
 .debug_info    0x00000000000023fd      0xab5 ./Core/Src/usart.o
 .debug_info    0x0000000000002eb2       0x23 ./Core/Startup/startup_stm32f030f4px.o
 .debug_info    0x0000000000002ed5      0x652 ./Drivers/STM32F0xx_HAL_Driver/stm32f0xx_hal.o
 .debug_info    0x0000000000003527      0x67d ./Drivers/STM32F0xx_HAL_Driver/stm32f0xx_hal_cortex.o
 .debug_info    0x0000000000003ba4      0x700 ./Drivers/STM32F0xx_HAL_Driver/stm32f0xx_hal_dma.o
 .debug_info    0x00000000000042a4      0x5c8 ./Drivers/STM32F0xx_HAL_Driver/stm32f0xx_hal_gpio.o
 .debug_info    0x000000000000486c      0x844 ./Drivers/STM32F0xx_HAL_Driver/stm32f0xx_hal_rcc.o
 .debug_info    0x00000000000050b0      0x35d ./Drivers/STM32F0xx_HAL_Driver/stm32f0xx_hal_rcc_ex.o
 .debug_info    0x000000000000540d     0x3a2a ./Drivers/STM32F0xx_HAL_Driver/stm32f0xx_hal_uart.o

.debug_abbrev   0x0000000000000000     0x1c0c
 .debug_abbrev  0x0000000000000000      0x22f ./Core/Src/UART_DMA.o
 .debug_abbrev  0x000000000000022f       0xfc ./Core/Src/dma.o
 .debug_abbrev  0x000000000000032b      0x142 ./Core/Src/gpio.o
 .debug_abbrev  0x000000000000046d      0x275 ./Core/Src/main.o
 .debug_abbrev  0x00000000000006e2       0xc6 ./Core/Src/stm32f0xx_hal_msp.o
 .debug_abbrev  0x00000000000007a8      0x1bb ./Core/Src/stm32f0xx_it.o
 .debug_abbrev  0x0000000000000963      0x11c ./Core/Src/system_stm32f0xx.o
 .debug_abbrev  0x0000000000000a7f      0x229 ./Core/Src/usart.o
 .debug_abbrev  0x0000000000000ca8       0x12 ./Core/Startup/startup_stm32f030f4px.o
 .debug_abbrev  0x0000000000000cba      0x24b ./Drivers/STM32F0xx_HAL_Driver/stm32f0xx_hal.o
 .debug_abbrev  0x0000000000000f05      0x28c ./Drivers/STM32F0xx_HAL_Driver/stm32f0xx_hal_cortex.o
 .debug_abbrev  0x0000000000001191      0x1ef ./Drivers/STM32F0xx_HAL_Driver/stm32f0xx_hal_dma.o
 .debug_abbrev  0x0000000000001380      0x1c6 ./Drivers/STM32F0xx_HAL_Driver/stm32f0xx_hal_gpio.o
 .debug_abbrev  0x0000000000001546      0x28b ./Drivers/STM32F0xx_HAL_Driver/stm32f0xx_hal_rcc.o
 .debug_abbrev  0x00000000000017d1      0x16f ./Drivers/STM32F0xx_HAL_Driver/stm32f0xx_hal_rcc_ex.o
 .debug_abbrev  0x0000000000001940      0x2cc ./Drivers/STM32F0xx_HAL_Driver/stm32f0xx_hal_uart.o

.debug_aranges  0x0000000000000000      0x6e0
 .debug_aranges
                0x0000000000000000       0x48 ./Core/Src/UART_DMA.o
 .debug_aranges
                0x0000000000000048       0x20 ./Core/Src/dma.o
 .debug_aranges
                0x0000000000000068       0x20 ./Core/Src/gpio.o
 .debug_aranges
                0x0000000000000088       0x30 ./Core/Src/main.o
 .debug_aranges
                0x00000000000000b8       0x20 ./Core/Src/stm32f0xx_hal_msp.o
 .debug_aranges
                0x00000000000000d8       0x50 ./Core/Src/stm32f0xx_it.o
 .debug_aranges
                0x0000000000000128       0x28 ./Core/Src/system_stm32f0xx.o
 .debug_aranges
                0x0000000000000150       0x30 ./Core/Src/usart.o
 .debug_aranges
                0x0000000000000180       0x28 ./Core/Startup/startup_stm32f030f4px.o
 .debug_aranges
                0x00000000000001a8       0xd0 ./Drivers/STM32F0xx_HAL_Driver/stm32f0xx_hal.o
 .debug_aranges
                0x0000000000000278       0xc0 ./Drivers/STM32F0xx_HAL_Driver/stm32f0xx_hal_cortex.o
 .debug_aranges
                0x0000000000000338       0x88 ./Drivers/STM32F0xx_HAL_Driver/stm32f0xx_hal_dma.o
 .debug_aranges
                0x00000000000003c0       0x58 ./Drivers/STM32F0xx_HAL_Driver/stm32f0xx_hal_gpio.o
 .debug_aranges
                0x0000000000000418       0x80 ./Drivers/STM32F0xx_HAL_Driver/stm32f0xx_hal_rcc.o
 .debug_aranges
                0x0000000000000498       0x30 ./Drivers/STM32F0xx_HAL_Driver/stm32f0xx_hal_rcc_ex.o
 .debug_aranges
                0x00000000000004c8      0x218 ./Drivers/STM32F0xx_HAL_Driver/stm32f0xx_hal_uart.o

.debug_rnglists
                0x0000000000000000      0x531
 .debug_rnglists
                0x0000000000000000       0x32 ./Core/Src/UART_DMA.o
 .debug_rnglists
                0x0000000000000032       0x13 ./Core/Src/dma.o
 .debug_rnglists
                0x0000000000000045       0x13 ./Core/Src/gpio.o
 .debug_rnglists
                0x0000000000000058       0x20 ./Core/Src/main.o
 .debug_rnglists
                0x0000000000000078       0x13 ./Core/Src/stm32f0xx_hal_msp.o
 .debug_rnglists
                0x000000000000008b       0x37 ./Core/Src/stm32f0xx_it.o
 .debug_rnglists
                0x00000000000000c2       0x1a ./Core/Src/system_stm32f0xx.o
 .debug_rnglists
                0x00000000000000dc       0x20 ./Core/Src/usart.o
 .debug_rnglists
                0x00000000000000fc       0x19 ./Core/Startup/startup_stm32f030f4px.o
 .debug_rnglists
                0x0000000000000115       0x97 ./Drivers/STM32F0xx_HAL_Driver/stm32f0xx_hal.o
 .debug_rnglists
                0x00000000000001ac       0x8c ./Drivers/STM32F0xx_HAL_Driver/stm32f0xx_hal_cortex.o
 .debug_rnglists
                0x0000000000000238       0x6a ./Drivers/STM32F0xx_HAL_Driver/stm32f0xx_hal_dma.o
 .debug_rnglists
                0x00000000000002a2       0x3f ./Drivers/STM32F0xx_HAL_Driver/stm32f0xx_hal_gpio.o
 .debug_rnglists
                0x00000000000002e1       0x61 ./Drivers/STM32F0xx_HAL_Driver/stm32f0xx_hal_rcc.o
 .debug_rnglists
                0x0000000000000342       0x21 ./Drivers/STM32F0xx_HAL_Driver/stm32f0xx_hal_rcc_ex.o
 .debug_rnglists
                0x0000000000000363      0x1ce ./Drivers/STM32F0xx_HAL_Driver/stm32f0xx_hal_uart.o

.debug_macro    0x0000000000000000     0xfa10
 .debug_macro   0x0000000000000000      0x284 ./Core/Src/UART_DMA.o
 .debug_macro   0x0000000000000284      0xa7e ./Core/Src/UART_DMA.o
 .debug_macro   0x0000000000000d02      0x12d ./Core/Src/UART_DMA.o
 .debug_macro   0x0000000000000e2f       0x2e ./Core/Src/UART_DMA.o
 .debug_macro   0x0000000000000e5d       0x22 ./Core/Src/UART_DMA.o
 .debug_macro   0x0000000000000e7f       0x22 ./Core/Src/UART_DMA.o
 .debug_macro   0x0000000000000ea1       0x8e ./Core/Src/UART_DMA.o
 .debug_macro   0x0000000000000f2f       0x51 ./Core/Src/UART_DMA.o
 .debug_macro   0x0000000000000f80      0x103 ./Core/Src/UART_DMA.o
 .debug_macro   0x0000000000001083       0x6a ./Core/Src/UART_DMA.o
 .debug_macro   0x00000000000010ed      0x1df ./Core/Src/UART_DMA.o
 .debug_macro   0x00000000000012cc       0x1c ./Core/Src/UART_DMA.o
 .debug_macro   0x00000000000012e8       0x22 ./Core/Src/UART_DMA.o
 .debug_macro   0x000000000000130a       0xaf ./Core/Src/UART_DMA.o
 .debug_macro   0x00000000000013b9      0x391 ./Core/Src/UART_DMA.o
 .debug_macro   0x000000000000174a     0x6e6e ./Core/Src/UART_DMA.o
 .debug_macro   0x00000000000085b8       0x66 ./Core/Src/UART_DMA.o
 .debug_macro   0x000000000000861e     0x34be ./Core/Src/UART_DMA.o
 .debug_macro   0x000000000000badc      0x174 ./Core/Src/UART_DMA.o
 .debug_macro   0x000000000000bc50       0x55 ./Core/Src/UART_DMA.o
 .debug_macro   0x000000000000bca5      0x924 ./Core/Src/UART_DMA.o
 .debug_macro   0x000000000000c5c9       0xe5 ./Core/Src/UART_DMA.o
 .debug_macro   0x000000000000c6ae      0x1ae ./Core/Src/UART_DMA.o
 .debug_macro   0x000000000000c85c       0xb3 ./Core/Src/UART_DMA.o
 .debug_macro   0x000000000000c90f      0x1a0 ./Core/Src/UART_DMA.o
 .debug_macro   0x000000000000caaf      0x1ed ./Core/Src/UART_DMA.o
 .debug_macro   0x000000000000cc9c       0x34 ./Core/Src/UART_DMA.o
 .debug_macro   0x000000000000ccd0       0x43 ./Core/Src/UART_DMA.o
 .debug_macro   0x000000000000cd13       0x28 ./Core/Src/UART_DMA.o
 .debug_macro   0x000000000000cd3b       0xb0 ./Core/Src/UART_DMA.o
 .debug_macro   0x000000000000cdeb      0x15a ./Core/Src/UART_DMA.o
 .debug_macro   0x000000000000cf45      0x22c ./Core/Src/UART_DMA.o
 .debug_macro   0x000000000000d171       0x61 ./Core/Src/UART_DMA.o
 .debug_macro   0x000000000000d1d2       0xa5 ./Core/Src/UART_DMA.o
 .debug_macro   0x000000000000d277       0x4c ./Core/Src/UART_DMA.o
 .debug_macro   0x000000000000d2c3       0x2b ./Core/Src/UART_DMA.o
 .debug_macro   0x000000000000d2ee      0x56d ./Core/Src/UART_DMA.o
 .debug_macro   0x000000000000d85b       0x3e ./Core/Src/UART_DMA.o
 .debug_macro   0x000000000000d899       0xf1 ./Core/Src/UART_DMA.o
 .debug_macro   0x000000000000d98a       0x10 ./Core/Src/UART_DMA.o
 .debug_macro   0x000000000000d99a       0x61 ./Core/Src/UART_DMA.o
 .debug_macro   0x000000000000d9fb       0x24 ./Core/Src/UART_DMA.o
 .debug_macro   0x000000000000da1f       0x43 ./Core/Src/UART_DMA.o
 .debug_macro   0x000000000000da62       0x34 ./Core/Src/UART_DMA.o
 .debug_macro   0x000000000000da96       0x16 ./Core/Src/UART_DMA.o
 .debug_macro   0x000000000000daac       0x43 ./Core/Src/UART_DMA.o
 .debug_macro   0x000000000000daef       0x34 ./Core/Src/UART_DMA.o
 .debug_macro   0x000000000000db23       0x10 ./Core/Src/UART_DMA.o
 .debug_macro   0x000000000000db33       0x58 ./Core/Src/UART_DMA.o
 .debug_macro   0x000000000000db8b       0x8e ./Core/Src/UART_DMA.o
 .debug_macro   0x000000000000dc19       0x1c ./Core/Src/UART_DMA.o
 .debug_macro   0x000000000000dc35      0x177 ./Core/Src/UART_DMA.o
 .debug_macro   0x000000000000ddac      0x369 ./Core/Src/UART_DMA.o
 .debug_macro   0x000000000000e115       0x10 ./Core/Src/UART_DMA.o
 .debug_macro   0x000000000000e125       0x35 ./Core/Src/UART_DMA.o
 .debug_macro   0x000000000000e15a       0x20 ./Core/Src/UART_DMA.o
 .debug_macro   0x000000000000e17a      0x1c6 ./Core/Src/dma.o
 .debug_macro   0x000000000000e340       0x10 ./Core/Src/dma.o
 .debug_macro   0x000000000000e350      0x1c6 ./Core/Src/gpio.o
 .debug_macro   0x000000000000e516      0x1e7 ./Core/Src/main.o
 .debug_macro   0x000000000000e6fd      0x1bc ./Core/Src/stm32f0xx_hal_msp.o
 .debug_macro   0x000000000000e8b9      0x1cf ./Core/Src/stm32f0xx_it.o
 .debug_macro   0x000000000000ea88      0x1ad ./Core/Src/system_stm32f0xx.o
 .debug_macro   0x000000000000ec35      0x1c6 ./Core/Src/usart.o
 .debug_macro   0x000000000000edfb      0x1d1 ./Drivers/STM32F0xx_HAL_Driver/stm32f0xx_hal.o
 .debug_macro   0x000000000000efcc      0x1ad ./Drivers/STM32F0xx_HAL_Driver/stm32f0xx_hal_cortex.o
 .debug_macro   0x000000000000f179      0x1ad ./Drivers/STM32F0xx_HAL_Driver/stm32f0xx_hal_dma.o
 .debug_macro   0x000000000000f326      0x1b4 ./Drivers/STM32F0xx_HAL_Driver/stm32f0xx_hal_gpio.o
 .debug_macro   0x000000000000f4da      0x1bf ./Drivers/STM32F0xx_HAL_Driver/stm32f0xx_hal_rcc.o
 .debug_macro   0x000000000000f699      0x1ad ./Drivers/STM32F0xx_HAL_Driver/stm32f0xx_hal_rcc_ex.o
 .debug_macro   0x000000000000f846      0x1ca ./Drivers/STM32F0xx_HAL_Driver/stm32f0xx_hal_uart.o

.debug_line     0x0000000000000000     0xbc96
 .debug_line    0x0000000000000000      0xb56 ./Core/Src/UART_DMA.o
 .debug_line    0x0000000000000b56      0x811 ./Core/Src/dma.o
 .debug_line    0x0000000000001367      0x822 ./Core/Src/gpio.o
 .debug_line    0x0000000000001b89      0x8cc ./Core/Src/main.o
 .debug_line    0x0000000000002455      0x816 ./Core/Src/stm32f0xx_hal_msp.o
 .debug_line    0x0000000000002c6b      0x8ba ./Core/Src/stm32f0xx_it.o
 .debug_line    0x0000000000003525      0x885 ./Core/Src/system_stm32f0xx.o
 .debug_line    0x0000000000003daa      0x8ac ./Core/Src/usart.o
 .debug_line    0x0000000000004656       0x7b ./Core/Startup/startup_stm32f030f4px.o
 .debug_line    0x00000000000046d1      0xac9 ./Drivers/STM32F0xx_HAL_Driver/stm32f0xx_hal.o
 .debug_line    0x000000000000519a      0xb75 ./Drivers/STM32F0xx_HAL_Driver/stm32f0xx_hal_cortex.o
 .debug_line    0x0000000000005d0f      0xded ./Drivers/STM32F0xx_HAL_Driver/stm32f0xx_hal_dma.o
 .debug_line    0x0000000000006afc      0xc44 ./Drivers/STM32F0xx_HAL_Driver/stm32f0xx_hal_gpio.o
 .debug_line    0x0000000000007740      0xeae ./Drivers/STM32F0xx_HAL_Driver/stm32f0xx_hal_rcc.o
 .debug_line    0x00000000000085ee      0xa25 ./Drivers/STM32F0xx_HAL_Driver/stm32f0xx_hal_rcc_ex.o
 .debug_line    0x0000000000009013     0x2c83 ./Drivers/STM32F0xx_HAL_Driver/stm32f0xx_hal_uart.o

.debug_str      0x0000000000000000    0x5b0c5
 .debug_str     0x0000000000000000    0x594cd ./Core/Src/UART_DMA.o
                                      0x597ab (size before relaxing)
 .debug_str     0x00000000000594cd      0x1e1 ./Core/Src/dma.o
                                      0x5626d (size before relaxing)
 .debug_str     0x00000000000596ae       0xde ./Core/Src/gpio.o
                                      0x561ba (size before relaxing)
 .debug_str     0x000000000005978c      0x254 ./Core/Src/main.o
                                      0x5683d (size before relaxing)
 .debug_str     0x00000000000599e0       0x2c ./Core/Src/stm32f0xx_hal_msp.o
                                      0x560ef (size before relaxing)
 .debug_str     0x0000000000059a0c       0x94 ./Core/Src/stm32f0xx_it.o
                                      0x56617 (size before relaxing)
 .debug_str     0x0000000000059aa0       0x8b ./Core/Src/system_stm32f0xx.o
                                      0x56120 (size before relaxing)
 .debug_str     0x0000000000059b2b       0xbc ./Core/Src/usart.o
                                      0x56827 (size before relaxing)
 .debug_str     0x0000000000059be7       0x34 ./Core/Startup/startup_stm32f030f4px.o
                                         0x6f (size before relaxing)
 .debug_str     0x0000000000059c1b      0x3bd ./Drivers/STM32F0xx_HAL_Driver/stm32f0xx_hal.o
                                      0x566b8 (size before relaxing)
 .debug_str     0x0000000000059fd8      0x1d0 ./Drivers/STM32F0xx_HAL_Driver/stm32f0xx_hal_cortex.o
                                      0x564a9 (size before relaxing)
 .debug_str     0x000000000005a1a8      0x26a ./Drivers/STM32F0xx_HAL_Driver/stm32f0xx_hal_dma.o
                                      0x564ff (size before relaxing)
 .debug_str     0x000000000005a412      0x11d ./Drivers/STM32F0xx_HAL_Driver/stm32f0xx_hal_gpio.o
                                      0x562fa (size before relaxing)
 .debug_str     0x000000000005a52f      0x253 ./Drivers/STM32F0xx_HAL_Driver/stm32f0xx_hal_rcc.o
                                      0x56595 (size before relaxing)
 .debug_str     0x000000000005a782       0xd0 ./Drivers/STM32F0xx_HAL_Driver/stm32f0xx_hal_rcc_ex.o
                                      0x562a2 (size before relaxing)
 .debug_str     0x000000000005a852      0x873 ./Drivers/STM32F0xx_HAL_Driver/stm32f0xx_hal_uart.o
                                      0x56e72 (size before relaxing)

.debug_frame    0x0000000000000000     0x1600
 .debug_frame   0x0000000000000000       0xd0 ./Core/Src/UART_DMA.o
 .debug_frame   0x00000000000000d0       0x30 ./Core/Src/dma.o
 .debug_frame   0x0000000000000100       0x30 ./Core/Src/gpio.o
 .debug_frame   0x0000000000000130       0x6c ./Core/Src/main.o
 .debug_frame   0x000000000000019c       0x30 ./Core/Src/stm32f0xx_hal_msp.o
 .debug_frame   0x00000000000001cc       0xd4 ./Core/Src/stm32f0xx_it.o
 .debug_frame   0x00000000000002a0       0x4c ./Core/Src/system_stm32f0xx.o
 .debug_frame   0x00000000000002ec       0x6c ./Core/Src/usart.o
 .debug_frame   0x0000000000000358      0x2a4 ./Drivers/STM32F0xx_HAL_Driver/stm32f0xx_hal.o
 .debug_frame   0x00000000000005fc      0x2a0 ./Drivers/STM32F0xx_HAL_Driver/stm32f0xx_hal_cortex.o
 .debug_frame   0x000000000000089c      0x1d0 ./Drivers/STM32F0xx_HAL_Driver/stm32f0xx_hal_dma.o
 .debug_frame   0x0000000000000a6c      0x110 ./Drivers/STM32F0xx_HAL_Driver/stm32f0xx_hal_gpio.o
 .debug_frame   0x0000000000000b7c      0x198 ./Drivers/STM32F0xx_HAL_Driver/stm32f0xx_hal_rcc.o
 .debug_frame   0x0000000000000d14       0x70 ./Drivers/STM32F0xx_HAL_Driver/stm32f0xx_hal_rcc_ex.o
 .debug_frame   0x0000000000000d84      0x810 ./Drivers/STM32F0xx_HAL_Driver/stm32f0xx_hal_uart.o
 .debug_frame   0x0000000000001594       0x20 C:/ST/STM32CubeIDE_1.13.1/STM32CubeIDE/plugins/com.st.stm32cube.ide.mcu.externaltools.gnu-tools-for-stm32.11.3.rel1.win32_1.1.0.202305231506/tools/bin/../lib/gcc/arm-none-eabi/11.3.1/../../../../arm-none-eabi/lib/thumb/v6-m/nofp\libc_nano.a(libc_a-memset.o)
 .debug_frame   0x00000000000015b4       0x2c C:/ST/STM32CubeIDE_1.13.1/STM32CubeIDE/plugins/com.st.stm32cube.ide.mcu.externaltools.gnu-tools-for-stm32.11.3.rel1.win32_1.1.0.202305231506/tools/bin/../lib/gcc/arm-none-eabi/11.3.1/../../../../arm-none-eabi/lib/thumb/v6-m/nofp\libc_nano.a(libc_a-init.o)
 .debug_frame   0x00000000000015e0       0x20 C:/ST/STM32CubeIDE_1.13.1/STM32CubeIDE/plugins/com.st.stm32cube.ide.mcu.externaltools.gnu-tools-for-stm32.11.3.rel1.win32_1.1.0.202305231506/tools/bin/../lib/gcc/arm-none-eabi/11.3.1/thumb/v6-m/nofp\libgcc.a(_udivsi3.o)

.debug_line_str
                0x0000000000000000       0x63
 .debug_line_str
                0x0000000000000000       0x63 ./Core/Startup/startup_stm32f030f4px.o
                                         0x7b (size before relaxing)
